(lp0
(dp1
S'muffins#sec_conclusion'
p2
ccopy_reg
_reconstructor
p3
(creferences
LinkReference
p4
c__builtin__
object
p5
Ntp6
Rp7
(dp8
S'autoname'
p9
g3
(clazytokens
StringToken
p10
g5
Ntp11
Rp12
(dp13
S's'
p14
S'Conclusion'
p15
sS'streamerr'
p16
NsbsS'id'
p17
S'section_3_1'
p18
sS'labelname'
p19
S'muffins'
p20
sS'filename'
p21
S'muffins.html'
p22
sS'anchor'
p23
S'sec_conclusion'
p24
sS'dir'
p25
S'/Users/kyle/Sites/site/test'
p26
sbsS'otherfile_test'
p27
g3
(g4
g5
Ntp28
Rp29
(dp30
g9
g3
(g10
g5
Ntp31
Rp32
(dp33
g14
S'We are in test2.hm'
p34
sg16
Nsbsg17
S'page_5'
p35
sg19
g27
sg21
S'atest.html'
p36
sg23
Nsg25
S'/Users/kyle/Sites/site/test/testdir'
p37
sbsS'test_page_2'
p38
g3
(g4
g5
Ntp39
Rp40
(dp41
g9
g3
(g10
g5
Ntp42
Rp43
(dp44
g14
S'This is another test page'
p45
sg16
Nsbsg17
S'page_2'
p46
sg19
g38
sg21
S'test2.html'
p47
sg23
Nsg25
g26
sbsS'test_page#sec_this-section'
p48
g3
(g4
g5
Ntp49
Rp50
(dp51
g9
g3
(g10
g5
Ntp52
Rp53
(dp54
g14
S'This is a section'
p55
sg16
Nsbsg17
S'section_1_2'
p56
sg19
S'test_page'
p57
sg21
S'test.html'
p58
sg23
S'sec_this-section'
p59
sg25
g26
sbsg20
g3
(g4
g5
Ntp60
Rp61
(dp62
g9
g3
(g10
g5
Ntp63
Rp64
(dp65
g14
S'The Great Door'
p66
sg16
Nsbsg17
S'page_3'
p67
sg19
g20
sg21
g22
sg23
Nsg25
g26
sbsS'subdir_test'
p68
g3
(g4
g5
Ntp69
Rp70
(dp71
g9
g3
(g10
g5
Ntp72
Rp73
(dp74
g14
S'This page is in a subdirectory'
p75
sg16
Nsbsg17
S'page_4'
p76
sg19
g68
sg21
S'test3.html'
p77
sg23
Nsg25
g37
sbsg57
g3
(g4
g5
Ntp78
Rp79
(dp80
g9
g3
(g10
g5
Ntp81
Rp82
(dp83
g14
S'This is a test'
p84
sg16
Nsbsg17
S'page_1'
p85
sg19
g57
sg21
g58
sg23
Nsg25
g26
sbsa(dp86
g56
S'test_page#sec_this-section'
p87
sg46
g38
sg67
g20
sg85
g57
sg76
g68
sg35
g27
sg18
S'muffins#sec_conclusion'
p88
sa.